16:15:52 **** Incremental Build of configuration Debug for project sw_design ****
make all 
make[1]: Entering directory '/home/gustdewit/KULeuven/Digital_Design_Platforms/ddp_g01/sw_package_2025/sw_project/project_sw/sw_design/Debug'
make --no-print-directory pre-build
a9-linaro-pre-build-step
 
make --no-print-directory main-build
Building file: ../src/montgomery.c
Invoking: ARM v7 gcc compiler
arm-none-eabi-gcc -Wall -O0 -g3 -c -fmessage-length=0 -MT"src/montgomery.o" -mcpu=cortex-a9 -mfpu=vfpv3 -mfloat-abi=hard -I/home/gustdewit/KULeuven/Digital_Design_Platforms/ddp_g01/sw_package_2025/sw_project/project_sw/ecc_project_wrapper/export/ecc_project_wrapper/sw/ecc_project_wrapper/standalone_domain/bspinclude/include -MMD -MP -MF"src/montgomery.d" -MT"src/montgomery.o" -o "src/montgomery.o" "../src/montgomery.c"
Finished building: ../src/montgomery.c
 
Building target: sw_design.elf
Invoking: ARM v7 gcc linker
arm-none-eabi-gcc -mcpu=cortex-a9 -mfpu=vfpv3 -mfloat-abi=hard -Wl,-build-id=none -specs=Xilinx.spec -Wl,-T -Wl,../src/lscript.ld -L/home/gustdewit/KULeuven/Digital_Design_Platforms/ddp_g01/sw_package_2025/sw_project/project_sw/ecc_project_wrapper/export/ecc_project_wrapper/sw/ecc_project_wrapper/standalone_domain/bsplib/lib -o "sw_design.elf" ./src/platform/interface.o ./src/platform/platform.o  ./src/asm_func.o ./src/main.o ./src/montgomery.o ./src/mp_arith.o ./src/warmup.o   -Wl,--start-group,-lxil,-lgcc,-lc,--end-group
Finished building target: sw_design.elf
 
Invoking: ARM v7 Print Size
arm-none-eabi-size sw_design.elf  |tee "sw_design.elf.size"
   text	   data	    bss	    dec	    hex	filename
  60703	   2552	  22648	  85903	  14f8f	sw_design.elf
Finished building: sw_design.elf.size
 
make[1]: Leaving directory '/home/gustdewit/KULeuven/Digital_Design_Platforms/ddp_g01/sw_package_2025/sw_project/project_sw/sw_design/Debug'

16:15:52 Build Finished (took 219ms)

